
> astral-core-react@1.0.0 build
> node scripts/netlify-production-build.js

[1m
============================================================[0m
[1m🚀 NETLIFY PRODUCTION BUILD[0m
[1m============================================================[0m
[35m
📊 Environment Information:[0m
[33mNode.js: v22.17.0[0m
[33mnpm: 10.9.2[0m
[33mPlatform: win32[0m
[33mWorking Directory: C:\Users\damat\_REPOS\CoreV2[0m
[36m
📦 Step 1: Cleaning previous build...[0m
[36m
📦 Step 2: Installing dependencies...[0m
[36m
Clean install (npm ci)...[0m
npm warn deprecated osenv@0.1.5: This package is no longer supported.
npm warn deprecated lodash.template@4.5.0: This package is deprecated. Use https://socket.dev/npm/package/eta instead.
npm warn deprecated rimraf@2.6.3: Rimraf versions prior to v4 are no longer supported
npm warn deprecated glob@7.2.3: Glob versions prior to v9 are no longer supported
npm warn deprecated glob@7.2.3: Glob versions prior to v9 are no longer supported
npm warn deprecated uuid@2.0.3: Please upgrade  to version 7 or higher.  Older versions may use Math.random() in certain circumstances, which is known to be problematic.  See https://v8.dev/blog/math-random for details.

added 2508 packages in 31s
[32m✓ Clean install (npm ci) completed[0m
[36m
📦 Step 3: Fixing import resolutions...[0m
[32m✓ Fixed TypeScript configuration[0m
[36m
📦 Step 4: Building with Vite...[0m
[36m
Vite production build...[0m
Legacy plugin not available, continuing without legacy browser support
NODE_ENV=production is not supported in the .env file. Only NODE_ENV=development is supported to create a development build of your project. If you need to set process.env.NODE_ENV, you can set it in the Vite config instead.
[36mvite v7.1.2 [32mbuilding for production...[36m[39m
transforming...
[32m✓[39m 14 modules transformed.
[31m✗[39m Build failed in 56ms
[31merror during build:
[31m[vite:esbuild] Transform failed with 1 error:
C:/Users/damat/_REPOS/CoreV2/src/utils/mobilePerformanceOptimizer.ts:281:58: ERROR: Unterminated string literal[31m
file: [36mC:/Users/damat/_REPOS/CoreV2/src/utils/mobilePerformanceOptimizer.ts:281:58[31m
[33m
[33mUnterminated string literal[33m
279 |        try {
280 |          await navigator.serviceWorker.register(swPath);
281 |          console.log("Service Worker registered:", swPath)"
    |                                                            ^
282 |        } catch (error) {
283 |          console.error("Service Worker registration failed:", error);
[31m
    at failureErrorWithLog (C:\Users\damat\_REPOS\CoreV2\node_modules\esbuild\lib\main.js:1467:15)
    at C:\Users\damat\_REPOS\CoreV2\node_modules\esbuild\lib\main.js:736:50
    at responseCallbacks.<computed> (C:\Users\damat\_REPOS\CoreV2\node_modules\esbuild\lib\main.js:603:9)
    at handleIncomingPacket (C:\Users\damat\_REPOS\CoreV2\node_modules\esbuild\lib\main.js:658:12)
    at Socket.readFromStdout (C:\Users\damat\_REPOS\CoreV2\node_modules\esbuild\lib\main.js:581:7)
    at Socket.emit (node:events:518:28)
    at addChunk (node:internal/streams/readable:561:12)
    at readableAddChunkPushByteMode (node:internal/streams/readable:512:3)
    at Readable.push (node:internal/streams/readable:392:5)
    at Pipe.onStreamRead (node:internal/stream_base_commons:189:23)[39m
[31m✗ Vite production build failed: Command failed: npx vite build --mode production[0m
[31m
❌ Build failed with error: Command failed: npx vite build --mode production[0m
Error: Command failed: npx vite build --mode production
    at genericNodeError (node:internal/errors:983:15)
    at wrappedFn (node:internal/errors:537:14)
    at checkExecSyncError (node:child_process:883:11)
    at execSync (node:child_process:955:15)
    at safeExec (C:\Users\damat\_REPOS\CoreV2\scripts\netlify-production-build.js:38:20)
    at build (C:\Users\damat\_REPOS\CoreV2\scripts\netlify-production-build.js:120:22)
    at Object.<anonymous> (C:\Users\damat\_REPOS\CoreV2\scripts\netlify-production-build.js:376:1)
    at Module._compile (node:internal/modules/cjs/loader:1730:14)
    at Object..js (node:internal/modules/cjs/loader:1895:10)
    at Module.load (node:internal/modules/cjs/loader:1465:32) {
  status: 1,
  signal: null,
  output: [ null, null, null ],
  pid: 40780,
  stdout: null,
  stderr: null
}
